{
  "name": "download",
  "description": "Download Product Bundle from GCS.",
  "examples": [
    "Sample invocations:\n\n    // Download core.vim3 of current ffx version.\n    ffx product download core.vim3 ~/local_pb\n\n    // Download core.vim3 with version 19.20240302.2.1\n    ffx product download core.vim3 ~/local_pb --version 19.20240302.2.1\n\n    // Download core.vim3 for latest version of f18\n    ffx product download core.vim3 ~/local_pb --branch f18 --force\n\n    Auth flow choices for --auth include:\n\n      `--auth no-auth` do not use auth.\n      `--auth pkce` to use PKCE auth flow (requires GUI browser).\n      `--auth device-experimental` to use device flow.\n      `--auth <path/to/exe>` run tool at given path which will print an access\n        token to stdout and exit 0.\n      `--auth default` let the tool decide which auth flow to use.\n    "
  ],
  "flags": [
    {
      "kind": "Switch",
      "optionality": "optional",
      "long": "--help",
      "short": null,
      "description": "display usage information",
      "hidden": false
    },
    {
      "kind": "Switch",
      "optionality": "optional",
      "long": "--force",
      "short": null,
      "description": "get the data again, even if it's already present locally.",
      "hidden": false
    },
    {
      "kind": {
        "Option": {
          "arg_name": "auth"
        }
      },
      "optionality": "optional",
      "long": "--auth",
      "short": null,
      "description": "use specific auth flow for oauth2 (see examples; default: pkce).",
      "hidden": false
    },
    {
      "kind": {
        "Option": {
          "arg_name": "base-url"
        }
      },
      "optionality": "optional",
      "long": "--base-url",
      "short": null,
      "description": "location to look for product bundles manifest inside GCS.",
      "hidden": false
    },
    {
      "kind": {
        "Option": {
          "arg_name": "version"
        }
      },
      "optionality": "optional",
      "long": "--version",
      "short": null,
      "description": "filter on products of <version>. The version number is in the format of `a.b.c.d`. e.g. 19.20240302.2.1. If this value is not passed in, the version will be defaulted to version of ffx tool itself.",
      "hidden": false
    },
    {
      "kind": {
        "Option": {
          "arg_name": "branch"
        }
      },
      "optionality": "optional",
      "long": "--branch",
      "short": null,
      "description": "filter on products of <branch>. The branch is either in the form of f<N> (e.g. f18). This option is exclusive with version option.",
      "hidden": false
    }
  ],
  "notes": [],
  "commands": [],
  "positionals": [
    {
      "name": "manifest_url",
      "description": "url to the transfer manifest of the product bundle to download, or the product name to fetch.",
      "optionality": "required",
      "hidden": false
    },
    {
      "name": "product_dir",
      "description": "path to the local directory to download the product bundle.",
      "optionality": "required",
      "hidden": false
    }
  ],
  "error_codes": []
}