{
  "name": "vmo",
  "description": "Return all processes that have references to a file backed by a vmo with koid",
  "examples": [
    "ffx starnix vmo -k 123456"
  ],
  "flags": [
    {
      "kind": "Switch",
      "optionality": "optional",
      "long": "--help",
      "short": null,
      "description": "display usage information",
      "hidden": false
    },
    {
      "kind": {
        "Option": {
          "arg_name": "koid"
        }
      },
      "optionality": "required",
      "long": "--koid",
      "short": "k",
      "description": "koid of the vmo to search for references to.",
      "hidden": false
    }
  ],
  "notes": [],
  "commands": [],
  "positionals": [],
  "error_codes": []
}